2026-09-23T21:52:18.450Z	001-rudest-cities.mp4	https://www.instagram.com/reel/DdpUU9eCc2E/
2026-09-24T19:25:13.172Z	003-scariest-drivers-by-area.mp4	https://www.instagram.com/reel/DdroRX4Cn8l/
2026-09-24T23:34:00.496Z	005-five-south-florida-parking-lots-that-sta.mp4	https://www.instagram.com/reel/DdsExsxCbP7/
2026-09-25T01:52:49.545Z	004-top-8-schools-most-fights.mp4	https://www.instagram.com/reel/DdsUno-jIV7/
2026-09-25T15:51:50.830Z	2026-09-25-brief	https://www.instagram.com/p/Ddt0uMrm2FL/
2026-09-25T15:52:16.052Z	story:2026-09-25-brief	https://www.instagram.com/stories/getnearapp/3994080538558965622
2026-09-25T16:25:49.310Z	006-five-south-florida-places-charging-luxur.mp4	https://www.instagram.com/reel/Ddt4hnkD_OV/
2026-09-25T20:55:26.942Z	2026-09-25-feature	https://www.instagram.com/p/DduXdjKgTiw/
2026-09-25T20:55:50.603Z	story:2026-09-25-feature	https://www.instagram.com/stories/getnearapp/3994233323772780510
2026-09-25T22:04:44.001Z	2026-09-25-brief-custom	https://www.instagram.com/p/DdufZBIAXpZ/
2026-09-25T22:05:04.555Z	story:2026-09-25-brief-custom	https://www.instagram.com/stories/getnearapp/3994268176903949722
2026-09-25T23:27:37.227Z	008-government-cut-miami-s-1905-shipping-cha.mp4	https://www.instagram.com/reel/Dduoy_ojCXC/
2026-09-26T01:55:39.270Z	2026-09-25-world	https://www.instagram.com/p/Ddu50HAkaql/
2026-09-26T01:56:00.824Z	story:2026-09-25-world	https://www.instagram.com/stories/getnearapp/3994384416604013478
2026-09-26T02:46:00.000Z	007-brightline-by-the-numbers.mp4	(posted manually by owner)
2026-09-26T12:56:30.398Z	2026-09-26-brief	https://www.instagram.com/p/DdwFcpZIM0M/
2026-09-26T12:56:54.273Z	story:2026-09-26-brief	https://www.instagram.com/stories/getnearapp/3994717048182685723
2026-09-26T15:21:06.074Z	2026-09-26-world	https://www.instagram.com/p/DdwV_0dG2xx/
2026-09-26T15:21:25.737Z	story:2026-09-26-world	https://www.instagram.com/stories/getnearapp/3994789792488090617
2026-09-26T15:21:43.000Z	009-miami-raves-coming-up.mp4	(posted manually by owner)
2026-09-26T16:57:10.147Z	023-the-coral-castle-mystery.mp4	https://www.instagram.com/reel/Ddwg6VQnJ8E/
2026-09-26T16:58:49.079Z	story:023-the-coral-castle-mystery.story.mp4	https://www.instagram.com/stories/getnearapp/3994838497358422542
2026-09-26T20:56:18.904Z	2026-09-26-feature	https://www.instagram.com/p/Ddw8WApmbMi/
2026-09-26T20:56:42.056Z	story:2026-09-26-feature	https://www.instagram.com/stories/getnearapp/3994958533933238675
2026-09-26T22:56:18.171Z	2026-09-26-news-18	https://www.instagram.com/p/DdxKGKOj3YZ/
2026-09-26T22:56:45.194Z	story:2026-09-26-news-18	https://www.instagram.com/stories/getnearapp/3995018974811412284
2026-09-26T23:57:07.472Z	010-the-5-most-expensive-houses-in-south-flo.mp4	https://www.instagram.com/reel/DdxQ-KSDkWn/
2026-09-26T23:58:11.573Z	story:010-the-5-most-expensive-houses-in-south-flo.story.mp4	https://www.instagram.com/stories/getnearapp/3995049757437083374
2026-09-27T01:35:27.088Z	2026-09-26-news-21	https://www.instagram.com/p/DdxcTI-CXX4/
2026-09-27T01:35:47.152Z	story:2026-09-26-news-21	https://www.instagram.com/stories/getnearapp/3995099007273233916
2026-09-27T01:55:14.593Z	2026-09-26-world	https://www.instagram.com/p/DdxelBRoAOr/
2026-09-27T01:55:40.618Z	story:2026-09-26-world	https://www.instagram.com/stories/getnearapp/3995109019145494106
2026-09-27T02:21:50.710Z	2026-09-26-world	https://www.instagram.com/p/DdxhnM1II3g/
2026-09-27T02:22:05.929Z	story:2026-09-26-world	https://www.instagram.com/stories/getnearapp/3995122361293614599
2026-09-27T02:25:39.405Z	2026-09-26-world	https://www.instagram.com/p/DdxiC-nDnUv/
2026-09-27T02:26:00.775Z	story:2026-09-26-world	https://www.instagram.com/stories/getnearapp/3995124284515068242
2026-09-27T04:08:55.236Z	2026-09-27-world	https://www.instagram.com/p/Ddxt3W7FT3E/
2026-09-27T04:09:16.127Z	story:2026-09-27-world	https://www.instagram.com/stories/getnearapp/3995176263627416308
2026-09-27T10:56:24.091Z	2026-09-27-news-06	https://www.instagram.com/p/Ddycf_GGxI2/
2026-09-27T10:56:46.631Z	story:2026-09-27-news-06	https://www.instagram.com/stories/getnearapp/3995381356629271668
2026-09-27T12:56:38.051Z	2026-09-27-brief	https://www.instagram.com/p/DdyqQp0lN5b/
2026-09-27T12:57:00.218Z	story:2026-09-27-brief	https://www.instagram.com/stories/getnearapp/3995441883354815381
2026-09-27T14:56:47.569Z	2026-09-27-news-10	https://www.instagram.com/p/Ddy4AesHDJi/
2026-09-27T14:57:09.670Z	story:2026-09-27-news-10	https://www.instagram.com/stories/getnearapp/3995502348659874659
